09:07:36 **** Incremental Build of configuration Debug for project 0_led_toggle_addr ****
make -j7 all 
arm-none-eabi-size  0_led_toggle_addr.elf 
   text	   data	    bss	    dec	    hex	filename
    720	      0	   1568	   2288	    8f0	0_led_toggle_addr.elf
Finished building: default.size.stdout
 
09:10:49 **** Incremental Build of configuration Debug for project 0_led_toggle_addr ****
make -j7 all 
arm-none-eabi-size  0_led_toggle_addr.elf 
   text	   data	    bss	    dec	    hex	filename
    720	      0	   1568	   2288	    8f0	0_led_toggle_addr.elf
Finished building: default.size.stdout
 
